// Jest Snapshot v1, https://goo.gl/fbAQLP

exports[`MyComponent should render correctly in "debug" mode 1`] = `ShallowWrapper {}`;

exports[`MyComponent test should render correctly in "debug" mode 1`] = `ShallowWrapper {}`;
