// Jest Snapshot v1, https://goo.gl/fbAQLP

exports[`PrivateTutor should render correctly in "debug" mode 1`] = `ShallowWrapper {}`;

exports[`PrivateTutor test should render correctly in "debug" mode 1`] = `ShallowWrapper {}`;
